// Jest Snapshot v1, https://goo.gl/fbAQLP

exports[`Header component renders Header 1`] = `
<div
  className="Header"
>
  <h3>
    na na na na na na na na
  </h3>
  <h1>
    PATCHMAN
  </h1>
  <div
    className="belt"
  />
</div>
`;
