// Jest Snapshot v1, https://goo.gl/fbAQLP

exports[`Results component renders Results  1`] = `
<ContextProvider
  value={
    Object {
      "body": "",
      "handleBodyChange": [Function],
      "handleMethodChange": [Function],
      "handleSubmit": [Function],
      "handleUrlChange": [Function],
      "history": Array [],
      "method": "GET",
      "results": "",
      "url": "",
    }
  }
>
  <Results />
</ContextProvider>
`;
