// Jest Snapshot v1, https://goo.gl/fbAQLP

exports[`App component renders App 1`] = `
<StateProvider>
  <div
    className="mainGrid"
  >
    <Header />
    <Form />
    <Results />
    <History />
  </div>
</StateProvider>
`;
